// Jest Snapshot v1, https://goo.gl/fbAQLP

exports[`renders correctly when there are no items 1`] = `
<div
  className="container"
>
  <div
    className="container__left"
  >
    <div
      className="container__match-info"
    >
      <p
        className="container__match-index"
      />
      <p
        className="container__match-date"
      />
      <p
        className="container__match-day"
      />
      <p
        className="container__match-league-name"
      />
    </div>
    <p
      className="container__comment"
    >
      Yorumlar
    </p>
  </div>
  <div
    className="container__right"
  >
    <div
      className="container__item"
    >
      <p
        className="container__text--empty"
      />
    </div>
    <div
      className="container__item"
    >
      <p
        className="container__text"
      >
        1
      </p>
      <p
        className="container__text"
      >
        x
      </p>
      <p
        className="container__text"
      >
        2
      </p>
    </div>
    <div
      className="container__item"
    >
      <p
        className="container__text"
      >
        Alt
      </p>
      <p
        className="container__text"
      >
        Ãœst
      </p>
    </div>
    <div
      className="container__item"
    >
      <p
        className="container__text"
      >
        H1
      </p>
      <p
        className="container__text"
      >
        1
      </p>
      <p
        className="container__text"
      >
        x
      </p>
      <p
        className="container__text"
      >
        2
      </p>
    </div>
    <div
      className="container__item"
    >
      <p
        className="container__text"
      >
        H2
      </p>
      <p
        className="container__text"
      >
        1-X
      </p>
      <p
        className="container__text"
      >
        X-2
      </p>
      <p
        className="container__text"
      >
        2-X
      </p>
    </div>
    <div
      className="container__item"
    >
      <p
        className="container__text"
      >
        Var
      </p>
      <p
        className="container__text"
      >
        Yok
      </p>
    </div>
    <div
      className="container__item"
    >
      <p
        className="container__text--last-child"
      >
        +99
      </p>
    </div>
  </div>
</div>
`;
